// Jest Snapshot v1, https://goo.gl/fbAQLP

exports[`PlaceDetails component is rendered correctly after relaunch 1`] = `
<div>
  <div
    style={
      Object {
        "display": "none",
      }
    }
  >
    <svg
      xmlns="http://www.w3.org/2000/svg"
    >
      <symbol
        id="icon-arrow-select"
        viewBox="0 0 7 4"
      >
        <path
          clipRule="evenodd"
          d="M0 0l3.5 2.813L7 0v1.084L3.5 4 0 1.084V0z"
          fillRule="evenodd"
        />
      </symbol>
      <symbol
        id="icon-bookmark"
        viewBox="0 0 17 18"
      >
        <path
          d="M3.993 2.185l.017-.092V2c0-.554.449-1 .99-1h10c.522 0 .957.41.997.923l-2.736 14.59-4.814-2.407-.39-.195-.408.153L1.31 16.44 3.993 2.185z"
        />
      </symbol>
      <symbol
        id="icon-star"
        viewBox="0 0 13 12"
      >
        <path
          clipRule="evenodd"
          d="M6.5 9.644L10.517 12 9.451 7.56 13 4.573l-4.674-.386L6.5 0 4.673 4.187 0 4.573 3.549 7.56 2.483 12 6.5 9.644z"
          fillRule="evenodd"
        />
      </symbol>
    </svg>
  </div>
  <div
    className="page"
  >
    <main
      className="page__main page__main--property"
    >
      <section
        className="property"
      >
        <div
          className="property__gallery-container container"
        >
          <div
            className="property__gallery"
          >
            <div
              className="property__image-wrapper"
            >
              <img
                alt="Photo studio"
                className="property__image"
                src="img/1.png"
              />
            </div>
            <div
              className="property__image-wrapper"
            >
              <img
                alt="Photo studio"
                className="property__image"
                src="img/2.png"
              />
            </div>
          </div>
        </div>
        <div
          className="property__container container"
        >
          <div
            className="property__wrapper"
          >
            <div
              className="property__mark"
            >
              
            </div>
            <div
              className="property__name-wrapper"
            >
              <h1
                className="property__name"
              >
                Beautiful & luxurious studio at great location
              </h1>
              <button
                className="property__bookmark-button button "
                onClick={[Function]}
                type="button"
              >
                <svg
                  className="property__bookmark-icon"
                  height="33"
                  width="31"
                >
                  <use
                    xlinkHref="#icon-bookmark"
                  />
                </svg>
                <span
                  className="visually-hidden"
                >
                  To bookmarks
                </span>
              </button>
            </div>
            <div
              className="property__rating rating"
            >
              <div
                className="property__stars rating__stars"
              >
                <span
                  style={
                    Object {
                      "width": "100%",
                    }
                  }
                />
                <span
                  className="visually-hidden"
                >
                  Rating
                </span>
              </div>
              <span
                className="property__rating-value rating__value"
              >
                4.8
              </span>
            </div>
            <ul
              className="property__features"
            >
              <li
                className="property__feature property__feature--entire"
              >
                apartment
              </li>
              <li
                className="property__feature property__feature--bedrooms"
              >
                3
                 Bedrooms
              </li>
              <li
                className="property__feature property__feature--adults"
              >
                Max 
                4
                 adults
              </li>
            </ul>
            <div
              className="property__price"
            >
              <b
                className="property__price-value"
              >
                €
                120
              </b>
              <span
                className="property__price-text"
              >
                 night
              </span>
            </div>
            <div
              className="property__inside"
            >
              <h2
                className="property__inside-title"
              >
                What's inside
              </h2>
              <ul
                className="property__inside-list"
              >
                <li
                  className="property__inside-item"
                >
                  Heating
                </li>
                <li
                  className="property__inside-item"
                >
                  Kitchen
                </li>
                <li
                  className="property__inside-item"
                >
                  Cable TV
                </li>
                <li
                  className="property__inside-item"
                >
                  Washing machine
                </li>
                <li
                  className="property__inside-item"
                >
                  Coffee machine
                </li>
                <li
                  className="property__inside-item"
                >
                  Dishwasher
                </li>
              </ul>
            </div>
            <div
              className="property__host"
            >
              <h2
                className="property__host-title"
              >
                Meet the host
              </h2>
              <div
                className="property__host-user user"
              >
                <div
                  className="property__avatar-wrapper property__avatar-wrapper--pro user__avatar-wrapper"
                >
                  <img
                    alt="Host avatar"
                    className="property__avatar user__avatar"
                    height="74"
                    src="/img/1.png"
                    width="74"
                  />
                </div>
                <span
                  className="property__user-name"
                >
                  Max
                </span>
                
              </div>
              <div
                className="property__description"
              >
                <p
                  className="property__text"
                >
                  A quiet cozy and picturesque that hides behind a a river by the unique lightness of Amsterdam.
                </p>
              </div>
            </div>
            <section
              className="property__reviews reviews"
            >
              <h2
                className="reviews__title"
              >
                Reviews · 
                <span
                  className="reviews__amount"
                >
                  1
                </span>
              </h2>
              <ul
                className="reviews__list"
              >
                <li
                  className="reviews__item"
                >
                  <div
                    className="reviews__user user"
                  >
                    <div
                      className="reviews__avatar-wrapper user__avatar-wrapper"
                    >
                      <img
                        alt="Reviews avatar"
                        className="reviews__avatar user__avatar"
                        height="54"
                        src="img/1.png"
                        width="54"
                      />
                    </div>
                    <span
                      className="reviews__user-name"
                    >
                      Max
                    </span>
                  </div>
                  <div
                    className="reviews__info"
                  >
                    <div
                      className="reviews__rating rating"
                    >
                      <div
                        className="reviews__stars rating__stars"
                      >
                        <span
                          style={
                            Object {
                              "width": "80%",
                            }
                          }
                        />
                        <span
                          className="visually-hidden"
                        >
                          Rating
                        </span>
                      </div>
                    </div>
                    <p
                      className="reviews__text"
                    >
                      A quiet cozy and picturesque that hides behind a a river by the unique lightness of Amsterdam.
                    </p>
                    <time
                      className="reviews__time"
                      dateTime="2019-04-24"
                    >
                      May 2019
                    </time>
                  </div>
                </li>
              </ul>
            </section>
          </div>
        </div>
        <section
          className="property__map map"
        >
          <Map
            activePoint={0}
            city={
              Array [
                52,
                4.5,
              ]
            }
            points={
              Array [
                Array [
                  56,
                  3,
                ],
                Array [
                  52,
                  30,
                ],
              ]
            }
          />
        </section>
      </section>
      <div
        className="container"
      >
        <section
          className="near-places places"
        >
          <h2
            className="near-places__title"
          >
            Other places in the neighbourhood
          </h2>
          <div
            className="near-places__list places__list"
          >
            <article
              className="near-places__card place-card"
              onMouseEnter={null}
              onMouseLeave={null}
            >
              <div
                className="place-card__mark"
                style={
                  Object {
                    "display": "none",
                  }
                }
              >
                <span>
                  Premium
                </span>
              </div>
              <div
                className="near-places__image-wrapper place-card__image-wrapper"
              >
                <a
                  href="#"
                >
                  <img
                    alt="Place image"
                    className="place-card__image"
                    height="200"
                    src="img/1.png"
                    width="260"
                  />
                </a>
              </div>
              <div
                className="place-card__info"
              >
                <div
                  className="place-card__price-wrapper"
                >
                  <div
                    className="place-card__price"
                  >
                    <b
                      className="place-card__price-value"
                    >
                      €
                      1
                    </b>
                    <span
                      className="place-card__price-text"
                    >
                      / night
                    </span>
                  </div>
                  <button
                    className="place-card__bookmark-button button place-card__bookmark-button--active"
                    type="button"
                  >
                    <svg
                      className="place-card__bookmark-icon"
                      height="19"
                      width="18"
                    >
                      <use
                        xlinkHref="#icon-bookmark"
                      />
                    </svg>
                    <span
                      className="visually-hidden"
                    >
                      To bookmarks
                    </span>
                  </button>
                </div>
                <div
                  className="place-card__rating rating"
                >
                  <div
                    className="place-card__stars rating__stars"
                  >
                    <span
                      style={
                        Object {
                          "width": "80%",
                        }
                      }
                    />
                    <span
                      className="visually-hidden"
                    >
                      Rating
                    </span>
                  </div>
                </div>
                <h2
                  className="place-card__name"
                />
                <p
                  className="place-card__type"
                >
                  apartment
                </p>
              </div>
            </article>
          </div>
        </section>
      </div>
    </main>
  </div>
</div>
`;
