// Jest Snapshot v1, https://goo.gl/fbAQLP

exports[`ReviewForm component is rendered correctly after relaunch 1`] = `
<section
  className="welcome"
>
  <div
    style={
      Object {
        "display": "none",
      }
    }
  >
    <svg
      xmlns="http://www.w3.org/2000/svg"
    >
      <symbol
        id="icon-arrow-select"
        viewBox="0 0 7 4"
      >
        <path
          clipRule="evenodd"
          d="M0 0l3.5 2.813L7 0v1.084L3.5 4 0 1.084V0z"
          fillRule="evenodd"
        />
      </symbol>
      <symbol
        id="icon-bookmark"
        viewBox="0 0 17 18"
      >
        <path
          d="M3.993 2.185l.017-.092V2c0-.554.449-1 .99-1h10c.522 0 .957.41.997.923l-2.736 14.59-4.814-2.407-.39-.195-.408.153L1.31 16.44 3.993 2.185z"
        />
      </symbol>
      <symbol
        id="icon-star"
        viewBox="0 0 13 12"
      >
        <path
          clipRule="evenodd"
          d="M6.5 9.644L10.517 12 9.451 7.56 13 4.573l-4.674-.386L6.5 0 4.673 4.187 0 4.573 3.549 7.56 2.483 12 6.5 9.644z"
          fillRule="evenodd"
        />
      </symbol>
    </svg>
  </div>
  <div
    className="page page--gray page--main"
  >
    <main
      className="page__main page__main--index"
    >
      <h1
        className="visually-hidden"
      >
        Cities
      </h1>
      <div
        className="tabs"
      >
        <section
          className="locations container"
        >
          <ul
            className="locations__list tabs__list"
          >
            <li
              className="locations__item"
              onClick={[Function]}
            >
              <a
                className="locations__item-link tabs__item tabs__item--active"
                href="#"
              >
                <span>
                  Amsterdam
                </span>
              </a>
            </li>
          </ul>
        </section>
      </div>
      <div
        className="cities"
      >
        <div
          className="cities__places-container container"
        >
          <section
            className="cities__places places"
          >
            <h2
              className="visually-hidden"
            >
              Places
            </h2>
            <b
              className="places__found"
            >
              4
               places to stay in 
              Amsterdam
            </b>
            <form
              action="#"
              className="places__sorting"
              method="get"
            >
              <span
                className="places__sorting-caption"
              >
                Sort by 
              </span>
              <span
                className="places__sorting-type"
                onClick={[Function]}
                tabIndex="0"
              >
                Popular
                <svg
                  className="places__sorting-arrow"
                  height="4"
                  width="7"
                >
                  <use
                    xlinkHref="#icon-arrow-select"
                  />
                </svg>
              </span>
              <ul
                className="places__options places__options--custom "
                onClick={[Function]}
              >
                <li
                  className="places__option "
                  tabIndex="0"
                >
                  Popular
                </li>
                <li
                  className="places__option "
                  tabIndex="0"
                >
                  Price: low to high
                </li>
                <li
                  className="places__option "
                  tabIndex="0"
                >
                  Price: high to low
                </li>
                <li
                  className="places__option "
                  tabIndex="0"
                >
                  Top rated first
                </li>
              </ul>
            </form>
            <div
              className="cities__places-list places__list tabs__content"
            >
              <article
                className="cities__place-card place-card"
                onMouseEnter={[Function]}
                onMouseLeave={[Function]}
              >
                <div
                  className="place-card__mark"
                  style={
                    Object {
                      "display": "none",
                    }
                  }
                >
                  <span>
                    Premium
                  </span>
                </div>
                <div
                  className="cities__image-wrapper place-card__image-wrapper"
                >
                  <a
                    href="#"
                  >
                    <img
                      alt="Place image"
                      className="place-card__image"
                      height="200"
                      src="img/1.png"
                      width="260"
                    />
                  </a>
                </div>
                <div
                  className="place-card__info"
                >
                  <div
                    className="place-card__price-wrapper"
                  >
                    <div
                      className="place-card__price"
                    >
                      <b
                        className="place-card__price-value"
                      >
                        €
                        80
                      </b>
                      <span
                        className="place-card__price-text"
                      >
                        / night
                      </span>
                    </div>
                    <button
                      className="place-card__bookmark-button button place-card__bookmark-button--active"
                      type="button"
                    >
                      <svg
                        className="place-card__bookmark-icon"
                        height="19"
                        width="18"
                      >
                        <use
                          xlinkHref="#icon-bookmark"
                        />
                      </svg>
                      <span
                        className="visually-hidden"
                      >
                        To bookmarks
                      </span>
                    </button>
                  </div>
                  <div
                    className="place-card__rating rating"
                  >
                    <div
                      className="place-card__stars rating__stars"
                    >
                      <span
                        style={
                          Object {
                            "width": "80%",
                          }
                        }
                      />
                      <span
                        className="visually-hidden"
                      >
                        Rating
                      </span>
                    </div>
                  </div>
                  <h2
                    className="place-card__name"
                  />
                  <p
                    className="place-card__type"
                  >
                    Private room
                  </p>
                </div>
              </article>
              <article
                className="cities__place-card place-card"
                onMouseEnter={[Function]}
                onMouseLeave={[Function]}
              >
                <div
                  className="place-card__mark"
                  style={Object {}}
                >
                  <span>
                    Premium
                  </span>
                </div>
                <div
                  className="cities__image-wrapper place-card__image-wrapper"
                >
                  <a
                    href="#"
                  >
                    <img
                      alt="Place image"
                      className="place-card__image"
                      height="200"
                      src=""
                      width="260"
                    />
                  </a>
                </div>
                <div
                  className="place-card__info"
                >
                  <div
                    className="place-card__price-wrapper"
                  >
                    <div
                      className="place-card__price"
                    >
                      <b
                        className="place-card__price-value"
                      >
                        €
                        120
                      </b>
                      <span
                        className="place-card__price-text"
                      >
                        / night
                      </span>
                    </div>
                    <button
                      className="place-card__bookmark-button button"
                      type="button"
                    >
                      <svg
                        className="place-card__bookmark-icon"
                        height="19"
                        width="18"
                      >
                        <use
                          xlinkHref="#icon-bookmark"
                        />
                      </svg>
                      <span
                        className="visually-hidden"
                      >
                        To bookmarks
                      </span>
                    </button>
                  </div>
                  <div
                    className="place-card__rating rating"
                  >
                    <div
                      className="place-card__stars rating__stars"
                    >
                      <span
                        style={
                          Object {
                            "width": "80%",
                          }
                        }
                      />
                      <span
                        className="visually-hidden"
                      >
                        Rating
                      </span>
                    </div>
                  </div>
                  <h2
                    className="place-card__name"
                  />
                  <p
                    className="place-card__type"
                  >
                    Apartment
                  </p>
                </div>
              </article>
              <article
                className="cities__place-card place-card"
                onMouseEnter={[Function]}
                onMouseLeave={[Function]}
              >
                <div
                  className="place-card__mark"
                  style={Object {}}
                >
                  <span>
                    Premium
                  </span>
                </div>
                <div
                  className="cities__image-wrapper place-card__image-wrapper"
                >
                  <a
                    href="#"
                  >
                    <img
                      alt="Place image"
                      className="place-card__image"
                      height="200"
                      src=""
                      width="260"
                    />
                  </a>
                </div>
                <div
                  className="place-card__info"
                >
                  <div
                    className="place-card__price-wrapper"
                  >
                    <div
                      className="place-card__price"
                    >
                      <b
                        className="place-card__price-value"
                      >
                        €
                        180
                      </b>
                      <span
                        className="place-card__price-text"
                      >
                        / night
                      </span>
                    </div>
                    <button
                      className="place-card__bookmark-button button place-card__bookmark-button--active"
                      type="button"
                    >
                      <svg
                        className="place-card__bookmark-icon"
                        height="19"
                        width="18"
                      >
                        <use
                          xlinkHref="#icon-bookmark"
                        />
                      </svg>
                      <span
                        className="visually-hidden"
                      >
                        To bookmarks
                      </span>
                    </button>
                  </div>
                  <div
                    className="place-card__rating rating"
                  >
                    <div
                      className="place-card__stars rating__stars"
                    >
                      <span
                        style={
                          Object {
                            "width": "40%",
                          }
                        }
                      />
                      <span
                        className="visually-hidden"
                      >
                        Rating
                      </span>
                    </div>
                  </div>
                  <h2
                    className="place-card__name"
                  />
                  <p
                    className="place-card__type"
                  >
                    Apartment
                  </p>
                </div>
              </article>
              <article
                className="cities__place-card place-card"
                onMouseEnter={[Function]}
                onMouseLeave={[Function]}
              >
                <div
                  className="place-card__mark"
                  style={
                    Object {
                      "display": "none",
                    }
                  }
                >
                  <span>
                    Premium
                  </span>
                </div>
                <div
                  className="cities__image-wrapper place-card__image-wrapper"
                >
                  <a
                    href="#"
                  >
                    <img
                      alt="Place image"
                      className="place-card__image"
                      height="200"
                      src=""
                      width="260"
                    />
                  </a>
                </div>
                <div
                  className="place-card__info"
                >
                  <div
                    className="place-card__price-wrapper"
                  >
                    <div
                      className="place-card__price"
                    >
                      <b
                        className="place-card__price-value"
                      >
                        €
                        90
                      </b>
                      <span
                        className="place-card__price-text"
                      >
                        / night
                      </span>
                    </div>
                    <button
                      className="place-card__bookmark-button button"
                      type="button"
                    >
                      <svg
                        className="place-card__bookmark-icon"
                        height="19"
                        width="18"
                      >
                        <use
                          xlinkHref="#icon-bookmark"
                        />
                      </svg>
                      <span
                        className="visually-hidden"
                      >
                        To bookmarks
                      </span>
                    </button>
                  </div>
                  <div
                    className="place-card__rating rating"
                  >
                    <div
                      className="place-card__stars rating__stars"
                    >
                      <span
                        style={
                          Object {
                            "width": "100%",
                          }
                        }
                      />
                      <span
                        className="visually-hidden"
                      >
                        Rating
                      </span>
                    </div>
                  </div>
                  <h2
                    className="place-card__name"
                  />
                  <p
                    className="place-card__type"
                  >
                    Private room
                  </p>
                </div>
              </article>
            </div>
          </section>
          <div
            className="cities__right-section"
          >
            <section
              className="cities__map map"
            >
              <Map
                activePoint={-1}
                city={
                  Array [
                    52.3909553943508,
                    4.929309666406198,
                  ]
                }
                points={
                  Array [
                    Array [
                      52.3909553943508,
                      4.85309666406198,
                    ],
                    Array [
                      52.369553943508,
                      4.85309666406198,
                    ],
                    Array [
                      52.3909553943508,
                      4.929309666406198,
                    ],
                    Array [
                      52.3809553943508,
                      4.939309666406198,
                    ],
                  ]
                }
              />
            </section>
          </div>
        </div>
      </div>
    </main>
  </div>
</section>
`;
